// Jest Snapshot v1, https://goo.gl/fbAQLP

exports[`MovieOverview Render MovieOverview 1`] = `
Array [
  <div
    className="movie-rating"
  >
    <div
      className="movie-rating__score"
    >
      1.1
    </div>
    <p
      className="movie-rating__meta"
    >
      <span
        className="movie-rating__level"
      >
        Bad
      </span>
      <span
        className="movie-rating__count"
      >
        111
         ratings
      </span>
    </p>
  </div>,
  <div
    className="movie-card__text"
  >
    <p>
      Description of Movie_title-1.
    </p>
    <p
      className="movie-card__director"
    >
      <strong>
        Director: 
        Director of Movie_title-1.
      </strong>
    </p>
    <p
      className="movie-card__starring"
    >
      <strong>
        Starring: 
        Starring-1
        Starring-2
        Starring-3
        Starring-4
        Starring-5
      </strong>
    </p>
  </div>,
]
`;
