// Jest Snapshot v1, https://goo.gl/fbAQLP

exports[`MovieList Render MovieList 1`] = `
<div
  className="catalog__movies-list"
>
  <article
    className="small-movie-card catalog__movies-card"
    onMouseEnter={[Function]}
    onMouseLeave={[Function]}
  >
    <a
      href="/films/11"
      onClick={[Function]}
    >
      <div
        className="small-movie-card__image"
      >
        <video
          className="player__video"
          poster="Preview_Image of Movie_title-1."
        />
        <img
          alt="Movie_title-1"
          height="175"
          src="Movie_image-1"
          width="280"
        />
      </div>
    </a>
    <h3
      className="small-movie-card__title"
    >
      <a
        className="small-movie-card__link"
        href="/films/11"
        onClick={[Function]}
      >
        Movie_title-1
      </a>
    </h3>
  </article>
  <article
    className="small-movie-card catalog__movies-card"
    onMouseEnter={[Function]}
    onMouseLeave={[Function]}
  >
    <a
      href="/films/22"
      onClick={[Function]}
    >
      <div
        className="small-movie-card__image"
      >
        <video
          className="player__video"
          poster="Preview_Image of Movie_title-2."
        />
        <img
          alt="Movie_title-2"
          height="175"
          src="Movie_image-2"
          width="280"
        />
      </div>
    </a>
    <h3
      className="small-movie-card__title"
    >
      <a
        className="small-movie-card__link"
        href="/films/22"
        onClick={[Function]}
      >
        Movie_title-2
      </a>
    </h3>
  </article>
  <article
    className="small-movie-card catalog__movies-card"
    onMouseEnter={[Function]}
    onMouseLeave={[Function]}
  >
    <a
      href="/films/33"
      onClick={[Function]}
    >
      <div
        className="small-movie-card__image"
      >
        <video
          className="player__video"
          poster="Preview_Image of Movie_title-3."
        />
        <img
          alt="Movie_title-3"
          height="175"
          src="Movie_image-3"
          width="280"
        />
      </div>
    </a>
    <h3
      className="small-movie-card__title"
    >
      <a
        className="small-movie-card__link"
        href="/films/33"
        onClick={[Function]}
      >
        Movie_title-3
      </a>
    </h3>
  </article>
  <article
    className="small-movie-card catalog__movies-card"
    onMouseEnter={[Function]}
    onMouseLeave={[Function]}
  >
    <a
      href="/films/44"
      onClick={[Function]}
    >
      <div
        className="small-movie-card__image"
      >
        <video
          className="player__video"
          poster="Preview_Image of Movie_title-4."
        />
        <img
          alt="Movie_title-4"
          height="175"
          src="Movie_image-4"
          width="280"
        />
      </div>
    </a>
    <h3
      className="small-movie-card__title"
    >
      <a
        className="small-movie-card__link"
        href="/films/44"
        onClick={[Function]}
      >
        Movie_title-4
      </a>
    </h3>
  </article>
  <article
    className="small-movie-card catalog__movies-card"
    onMouseEnter={[Function]}
    onMouseLeave={[Function]}
  >
    <a
      href="/films/55"
      onClick={[Function]}
    >
      <div
        className="small-movie-card__image"
      >
        <video
          className="player__video"
          poster="Preview_Image of Movie_title-5."
        />
        <img
          alt="Movie_title-5"
          height="175"
          src="Movie_image-5"
          width="280"
        />
      </div>
    </a>
    <h3
      className="small-movie-card__title"
    >
      <a
        className="small-movie-card__link"
        href="/films/55"
        onClick={[Function]}
      >
        Movie_title-5
      </a>
    </h3>
  </article>
  <article
    className="small-movie-card catalog__movies-card"
    onMouseEnter={[Function]}
    onMouseLeave={[Function]}
  >
    <a
      href="/films/66"
      onClick={[Function]}
    >
      <div
        className="small-movie-card__image"
      >
        <video
          className="player__video"
          poster="Preview_Image of Movie_title-6."
        />
        <img
          alt="Movie_title-6"
          height="175"
          src="Movie_image-6"
          width="280"
        />
      </div>
    </a>
    <h3
      className="small-movie-card__title"
    >
      <a
        className="small-movie-card__link"
        href="/films/66"
        onClick={[Function]}
      >
        Movie_title-6
      </a>
    </h3>
  </article>
  <article
    className="small-movie-card catalog__movies-card"
    onMouseEnter={[Function]}
    onMouseLeave={[Function]}
  >
    <a
      href="/films/77"
      onClick={[Function]}
    >
      <div
        className="small-movie-card__image"
      >
        <video
          className="player__video"
          poster="Preview_Image of Movie_title-7."
        />
        <img
          alt="Movie_title-7"
          height="175"
          src="Movie_image-7"
          width="280"
        />
      </div>
    </a>
    <h3
      className="small-movie-card__title"
    >
      <a
        className="small-movie-card__link"
        href="/films/77"
        onClick={[Function]}
      >
        Movie_title-7
      </a>
    </h3>
  </article>
  <article
    className="small-movie-card catalog__movies-card"
    onMouseEnter={[Function]}
    onMouseLeave={[Function]}
  >
    <a
      href="/films/88"
      onClick={[Function]}
    >
      <div
        className="small-movie-card__image"
      >
        <video
          className="player__video"
          poster="Preview_Image of Movie_title-8."
        />
        <img
          alt="Movie_title-8"
          height="175"
          src="Movie_image-8"
          width="280"
        />
      </div>
    </a>
    <h3
      className="small-movie-card__title"
    >
      <a
        className="small-movie-card__link"
        href="/films/88"
        onClick={[Function]}
      >
        Movie_title-8
      </a>
    </h3>
  </article>
</div>
`;
